Time 0: Adding task 10 (time remaining 3)
Time 0: Adding task 9 (time remaining 2)
Time 0: Adding task 8 (time remaining 3)
Time 0: Adding task 7 (time remaining 5)
Time 0: Adding task 6 (time remaining 8)
Time 0: Adding task 5 (time remaining 4)
Time 0: Adding task 4 (time remaining 5)
Time 0: Adding task 3 (time remaining 5)
Time 0: Adding task 2 (time remaining 8)
Time 0: Adding task 1 (time remaining 4)
Time 0: Adding task 11 (time remaining 2)
Time 0: Adding task 12 (time remaining 3)
Time 0: Adding task 13 (time remaining 3)
Time 0: Adding task 14 (time remaining 3)
Time 0: Adding task 15 (time remaining 3)
Time 0: Renicing task 4 (old priority 0, new priority -5, time remaining 5)
Time 0: Renicing task 3 (old priority 0, new priority -5, time remaining 5)
Time 0: Renicing task 2 (old priority 0, new priority -5, time remaining 8)
Time 0: Renicing task 1 (old priority 0, new priority -5, time remaining 4)
Time 0: Renicing task 10 (old priority 0, new priority 5, time remaining 3)
Time 0: Renicing task 9 (old priority 0, new priority -5, time remaining 2)
Time 0: Renicing task 5 (old priority 0, new priority -5, time remaining 4)
Time 0: Renicing task 11 (old priority 0, new priority -5, time remaining 2)
Time 0: Renicing task 11 (old priority -5, new priority 5, time remaining 2)
Time 0: Renicing task 13 (old priority 0, new priority -5, time remaining 3)
Time 0: Renicing task 13 (old priority -5, new priority 5, time remaining 3)
Time 0: Renicing task 12 (old priority 0, new priority 5, time remaining 3)
Time 0: Renicing task 15 (old priority 0, new priority 5, time remaining 3)
Time 0: Renicing task 10 (old priority 5, new priority 5, time remaining 3)
Time 0: Renicing task 13 (old priority 5, new priority 5, time remaining 3)
Time 0: Renicing task 14 (old priority 0, new priority 5, time remaining 3)
Time 0: Renicing task 15 (old priority 5, new priority 5, time remaining 3)
Time 0: Renicing task 8 (old priority 0, new priority -5, time remaining 3)
Time 0: Renicing task 7 (old priority 0, new priority -5, time remaining 5)
Time 0: Renicing task 6 (old priority 0, new priority -5, time remaining 8)
Time 3: Killing task 8 (priority -5, time remaining 3)
Time 3: Killing task 1 (priority -5, time remaining 1)
Time 4: Adding task 1 (time remaining 1)
Time 4: Renicing task 1 (old priority 0, new priority -100, time remaining 1)
Time 4: Job 1 finished
Time 5: Adding task 0 (time remaining 1)
Time 5: Renicing task 0 (old priority 0, new priority -1, time remaining 1)
Time 6: Renicing task 0 (old priority -1, new priority -1, time remaining 1)
Time 7: Killing task 0 (priority -1, time remaining 1)
Time 7: Adding task 0 (time remaining 1)
Time 7: Renicing task 0 (old priority 0, new priority 0, time remaining 1)
Time 7: Adding task 16 (time remaining 4)
Time 7: Renicing task 16 (old priority 0, new priority 999, time remaining 4)
Time 11: Job 2 finished
Time 16: Job 3 finished
Time 21: Job 4 finished
Time 25: Job 5 finished
Time 33: Job 6 finished
Time 38: Job 7 finished
Time 40: Job 9 finished
Time 41: Job 0 finished
Time 44: Job 10 finished
Time 46: Job 11 finished
Time 49: Job 12 finished
Time 52: Job 13 finished
Time 55: Job 14 finished
Time 58: Job 15 finished
Time 62: Job 16 finished
Time 63: CPU Idle (ending simulation)
