Time 0: Adding task 1000 (time remaining 30)
Time 0: Renicing task 1000 (old priority 0, new priority -2, time remaining 30)
Time 0: Adding task 2017 (time remaining 4)
Time 0: Renicing task 2017 (old priority 0, new priority -1, time remaining 4)
Time 0: Adding task 2 (time remaining 1)
Time 0: Renicing task 2 (old priority 0, new priority 1, time remaining 1)
Time 2: Adding task 200 (time remaining 15)
Time 7: Renicing task 1000 (old priority -2, new priority 0, time remaining 23)
Time 10: Job 2017 finished
Time 20: Killing task 1000 (priority 0, time remaining 23)
Time 25: Job 200 finished
Time 26: Job 2 finished
Time 27: CPU Idle (ending simulation)
