Time 0: Adding task 4 (time remaining 101)
Time 4: Adding task 0 (time remaining 2)
Time 5: Killing task 0 (priority 0, time remaining 1)
Time 5: Adding task 0 (time remaining 2)
Time 6: Killing task 0 (priority 0, time remaining 1)
Time 6: Adding task 0 (time remaining 2)
Time 7: Killing task 0 (priority 0, time remaining 1)
Time 7: Adding task 0 (time remaining 2)
Time 8: Killing task 0 (priority 0, time remaining 1)
Time 8: Adding task 0 (time remaining 2)
Time 9: Killing task 0 (priority 0, time remaining 1)
Time 10: Adding task 1 (time remaining 2)
Time 10: Adding task 2 (time remaining 2)
Time 10: Adding task 0 (time remaining 2)
Time 10: Adding task 3 (time remaining 2)
Time 11: Job 0 finished
Time 13: Job 1 finished
Time 15: Job 2 finished
Time 17: Job 3 finished
Time 18: Adding task 3 (time remaining 2)
Time 18: Adding task 2 (time remaining 2)
Time 18: Adding task 0 (time remaining 2)
Time 18: Adding task 1 (time remaining 2)
Time 19: Renicing task 1 (old priority 0, new priority -2147483648, time remaining 2)
Time 19: Renicing task 0 (old priority 0, new priority 2147483647, time remaining 1)
Time 19: Killing task 2 (priority 0, time remaining 2)
Time 20: Job 1 finished
Time 22: Job 3 finished
Time 118: Job 4 finished
Time 119: Job 0 finished
Time 120: Adding task 4 (time remaining 2)
Time 121: Killing task 4 (priority 0, time remaining 1)
Time 121: Adding task 3 (time remaining 1)
Time 121: Job 3 finished
Time 122: Adding task 3 (time remaining 1)
Time 122: Job 3 finished
Time 123: Adding task 3 (time remaining 1)
Time 123: Adding task 2 (time remaining 257)
Time 379: Job 2 finished
Time 380: Job 3 finished
Time 381: Adding task 3 (time remaining 1)
Time 381: Adding task 2 (time remaining 1)
Time 381: Adding task 1 (time remaining 2)
Time 381: Adding task 0 (time remaining 1)
Time 381: Job 0 finished
Time 382: Renicing task 1 (old priority 0, new priority -1, time remaining 2)
Time 382: Renicing task 2 (old priority 0, new priority 1, time remaining 1)
Time 383: Job 1 finished
Time 384: Job 3 finished
Time 385: Job 2 finished
Time 386: CPU Idle (ending simulation)
