Time 0: Adding task 1337 (time remaining 5)
Time 0: Adding task 343 (time remaining 9)
Time 0: Adding task 250 (time remaining 2)
Time 0: Adding task 4 (time remaining 15)
Time 0: Adding task 150 (time remaining 150)
Time 0: Renicing task 250 (old priority 0, new priority 0, time remaining 2)
Time 0: Renicing task 1337 (old priority 0, new priority 1, time remaining 5)
Time 0: Renicing task 343 (old priority 0, new priority 2, time remaining 9)
Time 0: Renicing task 4 (old priority 0, new priority 3, time remaining 15)
Time 0: Renicing task 150 (old priority 0, new priority 4, time remaining 150)
Time 1: Killing task 250 (priority 0, time remaining 1)
Time 5: Killing task 1337 (priority 1, time remaining 1)
Time 13: Killing task 343 (priority 2, time remaining 1)
Time 27: Killing task 4 (priority 3, time remaining 1)
Time 176: Job 150 finished
Time 177: CPU Idle (ending simulation)
