Time 0: Adding task 15 (time remaining 20)
Time 0: Adding task 10 (time remaining 25)
Time 0: Adding task 11 (time remaining 5)
Time 0: Adding task 12 (time remaining 15)
Time 0: Adding task 6 (time remaining 26)
Time 0: Renicing task 10 (old priority 0, new priority 5, time remaining 25)
Time 0: Killing task 10 (priority 5, time remaining 25)
Time 0: Killing task 6 (priority 0, time remaining 26)
Time 4: Job 11 finished
Time 19: Job 12 finished
Time 39: Adding task 9 (time remaining 1)
Time 39: Renicing task 9 (old priority 0, new priority -500, time remaining 1)
Time 39: Job 9 finished
Time 40: Job 15 finished
Time 41: CPU Idle (ending simulation)
