Time 0: Adding task 5 (time remaining 2)
Time 0: Adding task 9 (time remaining 3)
Time 0: Adding task 16 (time remaining 4)
Time 0: Renicing task 5 (old priority 0, new priority -1, time remaining 2)
Time 0: Renicing task 9 (old priority 0, new priority 100, time remaining 3)
Time 0: Renicing task 16 (old priority 0, new priority 0, time remaining 4)
Time 1: Job 5 finished
Time 3: Adding task 230 (time remaining 5)
Time 5: Job 16 finished
Time 6: Killing task 230 (priority 0, time remaining 5)
Time 8: Renicing task 9 (old priority 100, new priority -1, time remaining 1)
Time 8: Job 9 finished
Time 9: CPU Idle (ending simulation)
