Time 0: Adding task 4 (time remaining 5)
Time 0: Adding task 17 (time remaining 5)
Time 0: Adding task 6 (time remaining 11)
Time 0: Renicing task 6 (old priority 0, new priority 51, time remaining 11)
Time 0: Renicing task 17 (old priority 0, new priority 100, time remaining 5)
Time 0: Renicing task 17 (old priority 100, new priority 1, time remaining 5)
Time 0: Renicing task 4 (old priority 0, new priority 12, time remaining 5)
Time 1: Adding task 225 (time remaining 6)
Time 6: Adding task 21 (time remaining 99)
Time 7: Killing task 225 (priority 0, time remaining 1)
Time 104: Job 21 finished
Time 108: Job 17 finished
Time 113: Job 4 finished
Time 124: Job 6 finished
Time 125: CPU Idle (ending simulation)
