Time 0: Adding task 100 (time remaining 3)
Time 0: Renicing task 100 (old priority 0, new priority 1, time remaining 3)
Time 1: Adding task 2017 (time remaining 4)
Time 1: Renicing task 2017 (old priority 0, new priority 2, time remaining 4)
Time 2: Adding task 10 (time remaining 3)
Time 2: Renicing task 10 (old priority 0, new priority -10, time remaining 3)
Time 3: Adding task 49 (time remaining 7)
Time 3: Renicing task 49 (old priority 0, new priority 200, time remaining 7)
Time 4: Job 10 finished
Time 5: Job 100 finished
Time 8: Killing task 49 (priority 200, time remaining 7)
Time 9: Job 2017 finished
Time 10: CPU Idle (ending simulation)
