Time 0: Adding task 5 (time remaining 5)
Time 0: Adding task 7 (time remaining 4)
Time 0: Adding task 10 (time remaining 3)
Time 0: Renicing task 7 (old priority 0, new priority -12, time remaining 4)
Time 0: Renicing task 5 (old priority 0, new priority -1, time remaining 5)
Time 3: Job 7 finished
Time 4: Adding task 9 (time remaining 21)
Time 4: Renicing task 9 (old priority 0, new priority -5, time remaining 21)
Time 24: Job 9 finished
Time 29: Job 5 finished
Time 32: Job 10 finished
Time 33: CPU Idle (ending simulation)
