Time 0: Adding task 0 (time remaining 5)
Time 0: Adding task 1 (time remaining 5)
Time 0: Adding task 2 (time remaining 5)
Time 0: Renicing task 0 (old priority 0, new priority 1, time remaining 5)
Time 0: Renicing task 1 (old priority 0, new priority 1, time remaining 5)
Time 0: Renicing task 2 (old priority 0, new priority 1, time remaining 5)
Time 4: Job 0 finished
Time 9: Job 1 finished
Time 14: Job 2 finished
Time 15: CPU Idle (ending simulation)
